// Jest Snapshot v1, https://goo.gl/fbAQLP

exports[`With Snapshot Testing App shows "Hello world!" 1`] = `
<wrapper>
  <nav
    id="navigationbar"
  >
    <a
      href="/"
      onClick={[Function]}
    >
      Home
    </a>
     |
    <a
      href="/"
      onClick={[Function]}
    >
      index2
    </a>
     |
    <a
      href="/about"
      onClick={[Function]}
    >
      About
    </a>
     |
    <a
      href="/about/a2"
      onClick={[Function]}
    >
      About 2
    </a>
    <a
      href="./a2"
      onClick={[Function]}
    >
      About
    </a>
  </nav>
  <div
    id="root"
  >
    <div>
      Hello World. 
      <a
        href="/about"
        onClick={[Function]}
      >
        About
      </a>
    </div>
    <button
      className="ui primary button"
      onClick={[Function]}
      tabIndex={undefined}
    >
      Button
    </button>
    <button
      className="ui secondary button"
      onClick={[Function]}
      tabIndex={undefined}
    >
      Button
    </button>
    <button
      className="ui button"
      onClick={[Function]}
      tabIndex={undefined}
    >
      Button
    </button>
    <button
      className="ui green small button"
      onClick={[Function]}
      tabIndex={undefined}
    >
      <i
        aria-hidden="true"
        className="download icon"
      />
      Download
    </button>
    <li>
      <a
        href="/a"
        onClick={[Function]}
      >
        a
      </a>
    </li>
    <li>
      <a
        href="/b"
        onClick={[Function]}
      >
        b
      </a>
    </li>
  </div>
  <div
    id="footer"
  >
    footer
  </div>
</wrapper>
`;
